// Vitest Snapshot v1, https://vitest.dev/guide/snapshot.html

exports[`map stop ids are stable > grade 1 logic 1`] = `
[
  "g1-p1",
  "g1-p2",
  "g1-p3",
  "g1-p4",
  "g1-p5",
  "g1-p6",
  "g1-p7",
  "g1-p8",
  "g1-p9",
  "g1-p10",
  "g1-p11",
  "g1-p12",
  "g1-p13",
  "g1-p14",
  "g1-p15",
  "g1-p16",
  "g1-p17",
  "g1-p18",
  "g1-p19",
  "g1-p20",
  "g1-p21",
  "g1-p22",
  "g1-p23",
  "g1-p24",
  "g1-p25",
  "g1-p26",
  "g1-p27",
  "g1-p28",
  "g1-p29",
  "g1-p30",
  "g1-p31",
  "g1-p32",
  "g1-p33",
  "g1-p34",
  "g1-p35",
  "g1-p36",
  "g1-p37",
  "g1-p38",
  "g1-p39",
  "g1-p40",
  "g1-p41",
  "g1-p42",
  "g1-p43",
  "g1-p44",
  "g1-p45",
  "g1-p46",
  "g1-p47",
  "g1-p48",
  "g1-p49",
  "g1-p50",
  "g1-p51",
  "g1-p52",
  "g1-p53",
  "g1-p54",
  "g1-p55",
  "g1-p56",
  "g1-p57",
  "g1-p58",
  "g1-p59",
  "g1-p60",
]
`;

exports[`map stop ids are stable > grade 1 math 1`] = `
[
  "g1-l1",
  "g1-l2",
  "g1-l3",
  "g1-l4",
  "g1-l5",
  "g1-l6",
  "g1-l7",
  "g1-l8",
  "g1-l9",
  "g1-l10",
  "g1-l11",
  "g1-l12",
  "g1-l13",
  "g1-l14",
  "g1-l15",
  "g1-l16",
  "g1-l17",
  "g1-l18",
  "g1-l19",
  "g1-l20",
  "g1-l21",
  "g1-l22",
  "g1-l23",
  "g1-l24",
  "g1-l25",
  "g1-l26",
  "g1-l27",
  "g1-l28",
  "g1-l29",
  "g1-l30",
  "g1-l31",
  "g1-l32",
  "g1-l33",
  "g1-l34",
  "g1-l35",
  "g1-l36",
  "g1-l37",
  "g1-l38",
  "g1-l39",
  "g1-l40",
  "g1-l41",
  "g1-l42",
  "g1-l43",
  "g1-l44",
  "g1-l45",
  "g1-l46",
  "g1-l47",
  "g1-l48",
  "g1-l49",
  "g1-l50",
  "g1-l51",
  "g1-l52",
  "g1-l53",
  "g1-l54",
  "g1-l55",
  "g1-l56",
  "g1-l57",
  "g1-l58",
  "g1-l59",
  "g1-l60",
]
`;

exports[`map stop ids are stable > grade 1 reading 1`] = `
[
  "g1-r1",
  "g1-r2",
  "g1-r3",
  "g1-r4",
  "g1-r5",
  "g1-r6",
  "g1-r7",
  "g1-r8",
  "g1-r9",
  "g1-r10",
  "g1-r11",
  "g1-r12",
  "g1-r13",
  "g1-r14",
  "g1-r15",
  "g1-r16",
  "g1-r17",
  "g1-r18",
  "g1-r19",
  "g1-r20",
  "g1-r21",
  "g1-r22",
  "g1-r23",
  "g1-r24",
  "g1-r25",
  "g1-r26",
  "g1-r27",
  "g1-r28",
  "g1-r29",
  "g1-r30",
  "g1-r31",
  "g1-r32",
  "g1-r33",
  "g1-r34",
  "g1-r35",
  "g1-r36",
  "g1-r37",
  "g1-r38",
  "g1-r39",
  "g1-r40",
  "g1-r41",
  "g1-r42",
  "g1-r43",
  "g1-r44",
  "g1-r45",
  "g1-r46",
  "g1-r47",
  "g1-r48",
  "g1-r49",
  "g1-r50",
  "g1-r51",
  "g1-r52",
  "g1-r53",
  "g1-r54",
  "g1-r55",
  "g1-r56",
  "g1-r57",
  "g1-r58",
  "g1-r59",
  "g1-r60",
]
`;

exports[`map stop ids are stable > grade 2 logic 1`] = `
[
  "g2-p1",
  "g2-p2",
  "g2-p3",
  "g2-p4",
  "g2-p5",
  "g2-p6",
  "g2-p7",
  "g2-p8",
  "g2-p9",
  "g2-p10",
  "g2-p11",
  "g2-p12",
  "g2-p13",
  "g2-p14",
  "g2-p15",
  "g2-p16",
  "g2-p17",
  "g2-p18",
  "g2-p19",
  "g2-p20",
  "g2-p21",
  "g2-p22",
  "g2-p23",
  "g2-p24",
  "g2-p25",
  "g2-p26",
  "g2-p27",
  "g2-p28",
  "g2-p29",
  "g2-p30",
  "g2-p31",
  "g2-p32",
  "g2-p33",
  "g2-p34",
  "g2-p35",
  "g2-p36",
  "g2-p37",
  "g2-p38",
  "g2-p39",
  "g2-p40",
  "g2-p41",
  "g2-p42",
  "g2-p43",
  "g2-p44",
  "g2-p45",
  "g2-p46",
  "g2-p47",
  "g2-p48",
  "g2-p49",
  "g2-p50",
  "g2-p51",
  "g2-p52",
  "g2-p53",
  "g2-p54",
  "g2-p55",
  "g2-p56",
  "g2-p57",
  "g2-p58",
  "g2-p59",
  "g2-p60",
]
`;

exports[`map stop ids are stable > grade 2 math 1`] = `
[
  "g2-l1",
  "g2-l2",
  "g2-l3",
  "g2-l4",
  "g2-l5",
  "g2-l6",
  "g2-l7",
  "g2-l8",
  "g2-l9",
  "g2-l10",
  "g2-l11",
  "g2-l12",
  "g2-l13",
  "g2-l14",
  "g2-l15",
  "g2-l16",
  "g2-l17",
  "g2-l18",
  "g2-l19",
  "g2-l20",
  "g2-l21",
  "g2-l22",
  "g2-l23",
  "g2-l24",
  "g2-l25",
  "g2-l26",
  "g2-l27",
  "g2-l28",
  "g2-l29",
  "g2-l30",
  "g2-l31",
  "g2-l32",
  "g2-l33",
  "g2-l34",
  "g2-l35",
  "g2-l36",
  "g2-l37",
  "g2-l38",
  "g2-l39",
  "g2-l40",
  "g2-l41",
  "g2-l42",
  "g2-l43",
  "g2-l44",
  "g2-l45",
  "g2-l46",
  "g2-l47",
  "g2-l48",
  "g2-l49",
  "g2-l50",
  "g2-l51",
  "g2-l52",
  "g2-l53",
  "g2-l54",
  "g2-l55",
  "g2-l56",
  "g2-l57",
  "g2-l58",
  "g2-l59",
  "g2-l60",
]
`;

exports[`map stop ids are stable > grade 2 reading 1`] = `
[
  "g2-r1",
  "g2-r2",
  "g2-r3",
  "g2-r4",
  "g2-r5",
  "g2-r6",
  "g2-r7",
  "g2-r8",
  "g2-r9",
  "g2-r10",
  "g2-r11",
  "g2-r12",
  "g2-r13",
  "g2-r14",
  "g2-r15",
  "g2-r16",
  "g2-r17",
  "g2-r18",
  "g2-r19",
  "g2-r20",
  "g2-r21",
  "g2-r22",
  "g2-r23",
  "g2-r24",
  "g2-r25",
  "g2-r26",
  "g2-r27",
  "g2-r28",
  "g2-r29",
  "g2-r30",
  "g2-r31",
  "g2-r32",
  "g2-r33",
  "g2-r34",
  "g2-r35",
  "g2-r36",
  "g2-r37",
  "g2-r38",
  "g2-r39",
  "g2-r40",
  "g2-r41",
  "g2-r42",
  "g2-r43",
  "g2-r44",
  "g2-r45",
  "g2-r46",
  "g2-r47",
  "g2-r48",
  "g2-r49",
  "g2-r50",
  "g2-r51",
  "g2-r52",
  "g2-r53",
  "g2-r54",
  "g2-r55",
  "g2-r56",
  "g2-r57",
  "g2-r58",
  "g2-r59",
  "g2-r60",
  "g2-r61",
  "g2-r62",
  "g2-r63",
  "g2-r64",
  "g2-r65",
  "g2-r66",
  "g2-r67",
  "g2-r68",
  "g2-r69",
  "g2-r70",
  "g2-r71",
  "g2-r72",
  "g2-r73",
  "g2-r74",
  "g2-r75",
  "g2-r76",
  "g2-r77",
  "g2-r78",
  "g2-r79",
  "g2-r80",
  "g2-r81",
  "g2-r82",
  "g2-r83",
  "g2-r84",
  "g2-r85",
  "g2-r86",
  "g2-r87",
  "g2-r88",
  "g2-r89",
  "g2-r90",
  "g2-r91",
  "g2-r92",
  "g2-r93",
  "g2-r94",
  "g2-r95",
  "g2-r96",
  "g2-r97",
  "g2-r98",
  "g2-r99",
  "g2-r100",
  "g2-r101",
  "g2-r102",
  "g2-r103",
  "g2-r104",
  "g2-r105",
  "g2-r106",
  "g2-r107",
  "g2-r108",
  "g2-r109",
  "g2-r110",
  "g2-r111",
  "g2-r112",
  "g2-r113",
  "g2-r114",
  "g2-r115",
  "g2-r116",
  "g2-r117",
  "g2-r118",
  "g2-r119",
  "g2-r120",
]
`;

exports[`map stop ids are stable > grade 3 logic 1`] = `
[
  "g3-p1",
  "g3-p2",
  "g3-p3",
  "g3-p4",
  "g3-p5",
  "g3-p6",
  "g3-p7",
  "g3-p8",
  "g3-p9",
  "g3-p10",
  "g3-p11",
  "g3-p12",
  "g3-p13",
  "g3-p14",
  "g3-p15",
  "g3-p16",
  "g3-p17",
  "g3-p18",
  "g3-p19",
  "g3-p20",
  "g3-p21",
  "g3-p22",
  "g3-p23",
  "g3-p24",
  "g3-p25",
  "g3-p26",
  "g3-p27",
  "g3-p28",
  "g3-p29",
  "g3-p30",
  "g3-p31",
  "g3-p32",
  "g3-p33",
  "g3-p34",
  "g3-p35",
  "g3-p36",
  "g3-p37",
  "g3-p38",
  "g3-p39",
  "g3-p40",
  "g3-p41",
  "g3-p42",
  "g3-p43",
  "g3-p44",
  "g3-p45",
  "g3-p46",
  "g3-p47",
  "g3-p48",
  "g3-p49",
  "g3-p50",
  "g3-p51",
  "g3-p52",
  "g3-p53",
  "g3-p54",
  "g3-p55",
  "g3-p56",
  "g3-p57",
  "g3-p58",
  "g3-p59",
  "g3-p60",
]
`;

exports[`map stop ids are stable > grade 3 math 1`] = `
[
  "g3-l1",
  "g3-l2",
  "g3-l3",
  "g3-l4",
  "g3-l5",
  "g3-l6",
  "g3-l7",
  "g3-l8",
  "g3-l9",
  "g3-l10",
  "g3-l11",
  "g3-l12",
  "g3-l13",
  "g3-l14",
  "g3-l15",
  "g3-l16",
  "g3-l17",
  "g3-l18",
  "g3-l19",
  "g3-l20",
  "g3-l21",
  "g3-l22",
  "g3-l23",
  "g3-l24",
  "g3-l25",
  "g3-l26",
  "g3-l27",
  "g3-l28",
  "g3-l29",
  "g3-l30",
  "g3-l31",
  "g3-l32",
  "g3-l33",
  "g3-l34",
  "g3-l35",
  "g3-l36",
  "g3-l37",
  "g3-l38",
  "g3-l39",
  "g3-l40",
  "g3-l41",
  "g3-l42",
  "g3-l43",
  "g3-l44",
  "g3-l45",
  "g3-l46",
  "g3-l47",
  "g3-l48",
  "g3-l49",
  "g3-l50",
  "g3-l51",
  "g3-l52",
  "g3-l53",
  "g3-l54",
  "g3-l55",
  "g3-l56",
  "g3-l57",
  "g3-l58",
  "g3-l59",
  "g3-l60",
]
`;

exports[`map stop ids are stable > grade 3 reading 1`] = `
[
  "g3-r1",
  "g3-r2",
  "g3-r3",
  "g3-r4",
  "g3-r5",
  "g3-r6",
  "g3-r7",
  "g3-r8",
  "g3-r9",
  "g3-r10",
  "g3-r11",
  "g3-r12",
  "g3-r13",
  "g3-r14",
  "g3-r15",
  "g3-r16",
  "g3-r17",
  "g3-r18",
  "g3-r19",
  "g3-r20",
  "g3-r21",
  "g3-r22",
  "g3-r23",
  "g3-r24",
  "g3-r25",
  "g3-r26",
  "g3-r27",
  "g3-r28",
  "g3-r29",
  "g3-r30",
  "g3-r31",
  "g3-r32",
  "g3-r33",
  "g3-r34",
  "g3-r35",
  "g3-r36",
  "g3-r37",
  "g3-r38",
  "g3-r39",
  "g3-r40",
  "g3-r41",
  "g3-r42",
  "g3-r43",
  "g3-r44",
  "g3-r45",
  "g3-r46",
  "g3-r47",
  "g3-r48",
  "g3-r49",
  "g3-r50",
  "g3-r51",
  "g3-r52",
  "g3-r53",
  "g3-r54",
  "g3-r55",
  "g3-r56",
  "g3-r57",
  "g3-r58",
  "g3-r59",
  "g3-r60",
]
`;

exports[`map stop ids are stable > grade 4 logic 1`] = `
[
  "g4-p1",
  "g4-p2",
  "g4-p3",
  "g4-p4",
  "g4-p5",
  "g4-p6",
  "g4-p7",
  "g4-p8",
  "g4-p9",
  "g4-p10",
  "g4-p11",
  "g4-p12",
  "g4-p13",
  "g4-p14",
  "g4-p15",
  "g4-p16",
  "g4-p17",
  "g4-p18",
  "g4-p19",
  "g4-p20",
  "g4-p21",
  "g4-p22",
  "g4-p23",
  "g4-p24",
  "g4-p25",
  "g4-p26",
  "g4-p27",
  "g4-p28",
  "g4-p29",
  "g4-p30",
  "g4-p31",
  "g4-p32",
  "g4-p33",
  "g4-p34",
  "g4-p35",
  "g4-p36",
  "g4-p37",
  "g4-p38",
  "g4-p39",
  "g4-p40",
  "g4-p41",
  "g4-p42",
  "g4-p43",
  "g4-p44",
  "g4-p45",
  "g4-p46",
  "g4-p47",
  "g4-p48",
  "g4-p49",
  "g4-p50",
  "g4-p51",
  "g4-p52",
  "g4-p53",
  "g4-p54",
  "g4-p55",
  "g4-p56",
  "g4-p57",
  "g4-p58",
  "g4-p59",
  "g4-p60",
]
`;

exports[`map stop ids are stable > grade 4 math 1`] = `
[
  "g4-l1",
  "g4-l2",
  "g4-l3",
  "g4-l4",
  "g4-l5",
  "g4-l6",
  "g4-l7",
  "g4-l8",
  "g4-l9",
  "g4-l10",
  "g4-l11",
  "g4-l12",
  "g4-l13",
  "g4-l14",
  "g4-l15",
  "g4-l16",
  "g4-l17",
  "g4-l18",
  "g4-l19",
  "g4-l20",
  "g4-l21",
  "g4-l22",
  "g4-l23",
  "g4-l24",
  "g4-l25",
  "g4-l26",
  "g4-l27",
  "g4-l28",
  "g4-l29",
  "g4-l30",
  "g4-l31",
  "g4-l32",
  "g4-l33",
  "g4-l34",
  "g4-l35",
  "g4-l36",
  "g4-l37",
  "g4-l38",
  "g4-l39",
  "g4-l40",
  "g4-l41",
  "g4-l42",
  "g4-l43",
  "g4-l44",
  "g4-l45",
  "g4-l46",
  "g4-l47",
  "g4-l48",
  "g4-l49",
  "g4-l50",
  "g4-l51",
  "g4-l52",
  "g4-l53",
  "g4-l54",
  "g4-l55",
  "g4-l56",
  "g4-l57",
  "g4-l58",
  "g4-l59",
  "g4-l60",
]
`;

exports[`map stop ids are stable > grade 4 reading 1`] = `
[
  "g4-r1",
  "g4-r2",
  "g4-r3",
  "g4-r4",
  "g4-r5",
  "g4-r6",
  "g4-r7",
  "g4-r8",
  "g4-r9",
  "g4-r10",
  "g4-r11",
  "g4-r12",
  "g4-r13",
  "g4-r14",
  "g4-r15",
  "g4-r16",
  "g4-r17",
  "g4-r18",
  "g4-r19",
  "g4-r20",
  "g4-r21",
  "g4-r22",
  "g4-r23",
  "g4-r24",
  "g4-r25",
  "g4-r26",
  "g4-r27",
  "g4-r28",
  "g4-r29",
  "g4-r30",
  "g4-r31",
  "g4-r32",
  "g4-r33",
  "g4-r34",
  "g4-r35",
  "g4-r36",
  "g4-r37",
  "g4-r38",
  "g4-r39",
  "g4-r40",
  "g4-r41",
  "g4-r42",
  "g4-r43",
  "g4-r44",
  "g4-r45",
  "g4-r46",
  "g4-r47",
  "g4-r48",
  "g4-r49",
  "g4-r50",
  "g4-r51",
  "g4-r52",
  "g4-r53",
  "g4-r54",
  "g4-r55",
  "g4-r56",
  "g4-r57",
  "g4-r58",
  "g4-r59",
  "g4-r60",
]
`;

exports[`map stop ids are stable > grade 5 logic 1`] = `
[
  "g5-p1",
  "g5-p2",
  "g5-p3",
  "g5-p4",
  "g5-p5",
  "g5-p6",
  "g5-p7",
  "g5-p8",
  "g5-p9",
  "g5-p10",
  "g5-p11",
  "g5-p12",
  "g5-p13",
  "g5-p14",
  "g5-p15",
  "g5-p16",
  "g5-p17",
  "g5-p18",
  "g5-p19",
  "g5-p20",
  "g5-p21",
  "g5-p22",
  "g5-p23",
  "g5-p24",
  "g5-p25",
  "g5-p26",
  "g5-p27",
  "g5-p28",
  "g5-p29",
  "g5-p30",
  "g5-p31",
  "g5-p32",
  "g5-p33",
  "g5-p34",
  "g5-p35",
  "g5-p36",
  "g5-p37",
  "g5-p38",
  "g5-p39",
  "g5-p40",
  "g5-p41",
  "g5-p42",
  "g5-p43",
  "g5-p44",
  "g5-p45",
  "g5-p46",
  "g5-p47",
  "g5-p48",
  "g5-p49",
  "g5-p50",
  "g5-p51",
  "g5-p52",
  "g5-p53",
  "g5-p54",
  "g5-p55",
  "g5-p56",
  "g5-p57",
  "g5-p58",
  "g5-p59",
  "g5-p60",
]
`;

exports[`map stop ids are stable > grade 5 math 1`] = `
[
  "g5-l1",
  "g5-l2",
  "g5-l3",
  "g5-l4",
  "g5-l5",
  "g5-l6",
  "g5-l7",
  "g5-l8",
  "g5-l9",
  "g5-l10",
  "g5-l11",
  "g5-l12",
  "g5-l13",
  "g5-l14",
  "g5-l15",
  "g5-l16",
  "g5-l17",
  "g5-l18",
  "g5-l19",
  "g5-l20",
  "g5-l21",
  "g5-l22",
  "g5-l23",
  "g5-l24",
  "g5-l25",
  "g5-l26",
  "g5-l27",
  "g5-l28",
  "g5-l29",
  "g5-l30",
  "g5-l31",
  "g5-l32",
  "g5-l33",
  "g5-l34",
  "g5-l35",
  "g5-l36",
  "g5-l37",
  "g5-l38",
  "g5-l39",
  "g5-l40",
  "g5-l41",
  "g5-l42",
  "g5-l43",
  "g5-l44",
  "g5-l45",
  "g5-l46",
  "g5-l47",
  "g5-l48",
  "g5-l49",
  "g5-l50",
  "g5-l51",
  "g5-l52",
  "g5-l53",
  "g5-l54",
  "g5-l55",
  "g5-l56",
  "g5-l57",
  "g5-l58",
  "g5-l59",
  "g5-l60",
]
`;

exports[`map stop ids are stable > grade 5 reading 1`] = `
[
  "g5-r1",
  "g5-r2",
  "g5-r3",
  "g5-r4",
  "g5-r5",
  "g5-r6",
  "g5-r7",
  "g5-r8",
  "g5-r9",
  "g5-r10",
  "g5-r11",
  "g5-r12",
  "g5-r13",
  "g5-r14",
  "g5-r15",
  "g5-r16",
  "g5-r17",
  "g5-r18",
  "g5-r19",
  "g5-r20",
  "g5-r21",
  "g5-r22",
  "g5-r23",
  "g5-r24",
  "g5-r25",
  "g5-r26",
  "g5-r27",
  "g5-r28",
  "g5-r29",
  "g5-r30",
  "g5-r31",
  "g5-r32",
  "g5-r33",
  "g5-r34",
  "g5-r35",
  "g5-r36",
  "g5-r37",
  "g5-r38",
  "g5-r39",
  "g5-r40",
  "g5-r41",
  "g5-r42",
  "g5-r43",
  "g5-r44",
  "g5-r45",
  "g5-r46",
  "g5-r47",
  "g5-r48",
  "g5-r49",
  "g5-r50",
  "g5-r51",
  "g5-r52",
  "g5-r53",
  "g5-r54",
  "g5-r55",
  "g5-r56",
  "g5-r57",
  "g5-r58",
  "g5-r59",
  "g5-r60",
]
`;
